Initializing particles
Initializing force potential
Initializations successful, starting unit tests

Testing the CIC projection
 ...using the old implementation
 ...using the new implementation
CIC projection successful
Benchmark: old implementation 584908 us, new implementation 104616 us, speed-up 5.591

Testing particle drift
 ...using the old implementation
 ...using the new implementation
Particle drift successful
Benchmark: old implementation 5781115 us, new implementation 617666 us, speed-up 9.35961

Testing particle kick
 ...using the old implementation
Max velocity: 0.0431236, 0.0426924, 0.0431193, 0.0426881, 0.043115, 0.0426838, 0.0431107, 0.0426796, 0.0431064, 0.0426753, 0.0431021, 0.042671, 0.0430977, 0.0426668, 0.0430934, 0.0426625, 0.0430891
 ...using the new implementation
Max velocity: 0.0431236, 0.0426924, 0.0431193, 0.0426881, 0.043115, 0.0426838, 0.0431107, 0.0426796, 0.0431064, 0.0426753, 0.0431021, 0.042671, 0.0430977, 0.0426668, 0.0430934, 0.0426625, 0.0430891
Particle kick successful
Benchmark: old implementation 887926 us, new implementation 223524 us, speed-up 3.9724

Unit tests successful

Benchmarking the full cycle
 ...using the old implementation
Max velocity: 0.0430891, 0.0426582, 0.0422317, 0.0418093, 0.0412341, 0.0408218, 0.0404135, 0.0400094, 0.0396093, 0.0392132, 0.0388211, 0.0384329, 0.12643, 0.139339, 0.137946, 0.136566, 0.1352
 ...using the new implementation
Max velocity: 0.0430891, 0.0426582, 0.0422317, 0.0418093, 0.0412341, 0.0408218, 0.0404135, 0.0400094, 0.0396093, 0.0392132, 0.0388211, 0.0384329, 0.12643, 0.139339, 0.137946, 0.136566, 0.1352
Full cycle successful
Benchmark: old implementation 10093264 us, new implementation 1298512 us, speed-up 7.77295

All tests successful

